<html>
<body>
<pre>
<h1>µVision Build Log</h1>
<h2>Project:</h2>
C:\Keil\ValvanoWareTM4C123\L_Lab2\Lab2.uvproj
Project File Date:  01/31/2017

<h2>Output:</h2>
Rebuild target 'ADCSWTrigger'
assembling startup.s...
compiling ADCSWTrigger.c...
compiling ADCTestMain.c...
ADCTestMain.c(85): warning:  #550-D: variable "timeDiffs" was set but never used
  int main(void){uint32_t timeDiffs[999];
ADCTestMain.c: 1 warning, 0 errors
compiling PLL.c...
compiling Timer1.c...
linking...
Program Size: Code=1752 RO-data=32 RW-data=12 ZI-data=9124  
".\ADCSWTrigger.axf" - 0 Error(s), 1 Warning(s).
Load "C:\\Keil\\ValvanoWareTM4C123\\L_Lab2\\ADCSWTrigger.axf" 
Connecting: Mode=JTAG, Speed=1000000Hz
Erase Done.
Programming Done.
Verify OK.
</pre>
</body>
</html>
